Flutter crash report.
Please report a bug at https://github.com/flutter/flutter/issues.

## command

flutter test test/widget_test.dart --plain-name "AppSettings clears last read session state"

## exception

ArgumentError: Invalid argument(s): Illegal character in path

```
#0      _Uri._checkWindowsPathReservedCharacters (dart:core/uri.dart:2169:11)
#1      _Uri._makeWindowsFileUrl (dart:core/uri.dart:2242:7)
#2      new _Uri.file (dart:core/uri.dart:2132:11)
#3      TestCommand._parseTestArgument (package:flutter_tools/src/commands/test.dart:771:16)
#4      MappedListIterable.elementAt (dart:_internal/iterable.dart:442:31)
#5      ListIterator.moveNext (dart:_internal/iterable.dart:371:26)
#6      new _GrowableList._ofEfficientLengthIterable (dart:core-patch/growable_array.dart:194:27)
#7      new _GrowableList.of (dart:core-patch/growable_array.dart:154:28)
#8      new List.of (dart:core-patch/array_patch.dart:39:18)
#9      ListIterable.toList (dart:_internal/iterable.dart:224:7)
#10     TestCommand.verifyThenRunCommand (package:flutter_tools/src/commands/test.dart:346:73)
#11     FlutterCommand.run.<anonymous closure> (package:flutter_tools/src/runner/flutter_command.dart:1590:33)
<asynchronous suspension>
#12     AppContext.run.<anonymous closure> (package:flutter_tools/src/base/context.dart:154:19)
<asynchronous suspension>
#13     CommandRunner.runCommand (package:args/command_runner.dart:212:13)
<asynchronous suspension>
#14     FlutterCommandRunner.runCommand.<anonymous closure> (package:flutter_tools/src/runner/flutter_command_runner.dart:496:9)
<asynchronous suspension>
#15     AppContext.run.<anonymous closure> (package:flutter_tools/src/base/context.dart:154:19)
<asynchronous suspension>
#16     FlutterCommandRunner.runCommand (package:flutter_tools/src/runner/flutter_command_runner.dart:431:5)
<asynchronous suspension>
#17     FlutterCommandRunner.run.<anonymous closure> (package:flutter_tools/src/runner/flutter_command_runner.dart:307:33)
<asynchronous suspension>
#18     run.<anonymous closure>.<anonymous closure> (package:flutter_tools/runner.dart:104:11)
<asynchronous suspension>
#19     AppContext.run.<anonymous closure> (package:flutter_tools/src/base/context.dart:154:19)
<asynchronous suspension>
#20     main (package:flutter_tools/executable.dart:103:3)
<asynchronous suspension>
```

## flutter doctor

```
[✓] Flutter (Channel stable, 3.41.6, on Microsoft Windows [Version 10.0.26200.8037], locale en-ID) [203ms]
    • Flutter version 3.41.6 on channel stable at C:\dev\flutter
    • Upstream repository https://github.com/flutter/flutter.git
    • Framework revision db50e20168 (11 days ago), 2026-03-25 16:21:00 -0700
    • Engine revision 425cfb54d0
    • Dart version 3.11.4
    • DevTools version 2.54.2
    • Feature flags: enable-web, enable-linux-desktop, enable-macos-desktop, enable-windows-desktop, enable-android, enable-ios, cli-animations, enable-native-assets, omit-legacy-version-file, enable-lldb-debugging, enable-uiscene-migration

[✓] Windows Version (Windows 11 or higher, 25H2, 2009) [627ms]

[✓] Android toolchain - develop for Android devices (Android SDK version 36.1.0) [1,319ms]
    • Android SDK at C:\Users\Eric\AppData\Local\Android\sdk
    • Emulator version 36.3.10.0 (build_id 14472402) (CL:N/A)
    • Platform android-36, build-tools 36.1.0
    • Java binary at: C:\Users\Eric\AppData\Local\Programs\Android Studio\jbr\bin\java
      This is the JDK bundled with the latest Android Studio installation on this machine.
      To manually set the JDK path, use: `flutter config --jdk-dir="path/to/jdk"`.
    • Java version OpenJDK Runtime Environment (build 21.0.8+-14196175-b1038.72)
    • All Android licenses accepted.

[✓] Chrome - develop for the web [67ms]
    • Chrome at C:\Program Files\Google\Chrome\Application\chrome.exe

[✓] Visual Studio - develop Windows apps (Visual Studio Enterprise 2026 18.3.0) [67ms]
    • Visual Studio at C:\Program Files\Microsoft Visual Studio\18\Enterprise
    • Visual Studio Enterprise 2026 version 18.3.11505.172
    • Windows 10 SDK version 10.0.26100.0

[✓] Connected device (3 available) [129ms]
    • Windows (desktop) • windows • windows-x64    • Microsoft Windows [Version 10.0.26200.8037]
    • Chrome (web)      • chrome  • web-javascript • Google Chrome 146.0.7680.165
    • Edge (web)        • edge    • web-javascript • Microsoft Edge 146.0.3856.97

[✓] Network resources [1,120ms]
    • All expected network resources are available.

• No issues found!
```
